// Jest Snapshot v1, https://goo.gl/fbAQLP

exports[`renders correctly header 1`] = `
<header
  className="header"
  id="header"
>
  <h1>
    Star Wars
  </h1>
</header>
`;
